[2025-05-03 16:45:08,904: WARNING/MainProcess] /home/mediacms.io/lib/python3.13/site-packages/celery/worker/consumer/consumer.py:508: CPendingDeprecationWarning: The broker_connection_retry configuration setting will no longer determine
whether broker connection retries are made during startup in Celery 6.0 and above.
If you wish to retain the existing behavior for retrying connections on startup,
you should set broker_connection_retry_on_startup to True.
  warnings.warn(

[2025-05-03 16:45:08,916: INFO/MainProcess] Connected to redis://redis:6379/1
[2025-05-03 16:45:08,917: WARNING/MainProcess] /home/mediacms.io/lib/python3.13/site-packages/celery/worker/consumer/consumer.py:508: CPendingDeprecationWarning: The broker_connection_retry configuration setting will no longer determine
whether broker connection retries are made during startup in Celery 6.0 and above.
If you wish to retain the existing behavior for retrying connections on startup,
you should set broker_connection_retry_on_startup to True.
  warnings.warn(

[2025-05-03 16:45:08,918: INFO/MainProcess] mingle: searching for neighbors
[2025-05-03 16:45:09,930: INFO/MainProcess] mingle: all alone
[2025-05-03 16:45:09,944: INFO/MainProcess] long1@d433d9014655 ready.
[2025-05-03 16:46:23,065: INFO/MainProcess] Task produce_sprite_from_video[3dc1bdfc-14e9-4d52-a131-887e67fa52ff] received
[2025-05-03 16:46:23,071: INFO/MainProcess] Task encode_media[bd08a095-9f4f-4105-9359-907eae8388f3] received
[2025-05-03 16:46:23,073: INFO/MainProcess] Task encode_media[cdc077da-f195-4fa4-ae65-cca26a982378] received
[2025-05-03 16:46:23,074: INFO/ForkPoolWorker-12] encode_media[bd08a095-9f4f-4105-9359-907eae8388f3]: Encode Media started, friendly token i8QRNTpXJ, profile id 2, force True
[2025-05-03 16:46:23,076: INFO/MainProcess] Task encode_media[471892d0-9671-49e6-80e8-fafbd8ad665f] received
[2025-05-03 16:46:23,076: INFO/ForkPoolWorker-7] encode_media[cdc077da-f195-4fa4-ae65-cca26a982378]: Encode Media started, friendly token i8QRNTpXJ, profile id 3, force True
[2025-05-03 16:46:23,080: INFO/MainProcess] Task encode_media[7c035bda-7827-4f0f-8820-10156b621052] received
[2025-05-03 16:46:23,079: INFO/ForkPoolWorker-8] encode_media[471892d0-9671-49e6-80e8-fafbd8ad665f]: Encode Media started, friendly token i8QRNTpXJ, profile id 13, force True
[2025-05-03 16:46:23,083: INFO/MainProcess] Task encode_media[dabd8d5d-0cb6-4682-bc07-1f4d851edeaf] received
[2025-05-03 16:46:23,083: INFO/ForkPoolWorker-1] encode_media[7c035bda-7827-4f0f-8820-10156b621052]: Encode Media started, friendly token i8QRNTpXJ, profile id 10, force True
[2025-05-03 16:46:23,087: INFO/MainProcess] Task encode_media[0d7fa5a8-f672-45f7-8be2-6e577d4e708f] received
[2025-05-03 16:46:23,086: INFO/ForkPoolWorker-9] encode_media[dabd8d5d-0cb6-4682-bc07-1f4d851edeaf]: Encode Media started, friendly token i8QRNTpXJ, profile id 7, force True
[2025-05-03 16:46:23,090: INFO/ForkPoolWorker-2] encode_media[0d7fa5a8-f672-45f7-8be2-6e577d4e708f]: Encode Media started, friendly token i8QRNTpXJ, profile id 1, force True
[2025-05-03 16:46:24,737: INFO/ForkPoolWorker-7] encode_media[cdc077da-f195-4fa4-ae65-cca26a982378]: Saved 2.27
[2025-05-03 16:46:24,773: INFO/ForkPoolWorker-12] encode_media[bd08a095-9f4f-4105-9359-907eae8388f3]: Saved 2.27
[2025-05-03 16:46:25,255: INFO/ForkPoolWorker-8] encode_media[471892d0-9671-49e6-80e8-fafbd8ad665f]: Saved 4.55
[2025-05-03 16:46:25,268: INFO/ForkPoolWorker-1] encode_media[7c035bda-7827-4f0f-8820-10156b621052]: Saved 4.55
[2025-05-03 16:46:25,261: INFO/ForkPoolWorker-9] encode_media[dabd8d5d-0cb6-4682-bc07-1f4d851edeaf]: Saved 2.27
[2025-05-03 16:46:29,225: INFO/ForkPoolWorker-2] Task encode_media[0d7fa5a8-f672-45f7-8be2-6e577d4e708f] succeeded in 6.134439460999602s: True
[2025-05-03 16:46:29,345: INFO/ForkPoolWorker-6] Task produce_sprite_from_video[3dc1bdfc-14e9-4d52-a131-887e67fa52ff] succeeded in 6.276385712000774s: True
[2025-05-03 16:46:34,800: INFO/ForkPoolWorker-12] Task encode_media[bd08a095-9f4f-4105-9359-907eae8388f3] succeeded in 11.726444089000324s: True
[2025-05-03 16:46:38,140: INFO/ForkPoolWorker-7] Task encode_media[cdc077da-f195-4fa4-ae65-cca26a982378] succeeded in 15.063328006999654s: True
[2025-05-03 16:46:39,431: INFO/ForkPoolWorker-8] Task encode_media[471892d0-9671-49e6-80e8-fafbd8ad665f] succeeded in 16.351041631000044s: True
[2025-05-03 16:46:40,088: INFO/ForkPoolWorker-1] Task encode_media[7c035bda-7827-4f0f-8820-10156b621052] succeeded in 17.005054465000285s: True
[2025-05-03 16:46:41,604: INFO/ForkPoolWorker-9] Task encode_media[dabd8d5d-0cb6-4682-bc07-1f4d851edeaf] succeeded in 18.517031216999385s: True
[2025-05-03 17:06:37,769: WARNING/MainProcess] /home/mediacms.io/lib/python3.13/site-packages/celery/worker/consumer/consumer.py:508: CPendingDeprecationWarning: The broker_connection_retry configuration setting will no longer determine
whether broker connection retries are made during startup in Celery 6.0 and above.
If you wish to retain the existing behavior for retrying connections on startup,
you should set broker_connection_retry_on_startup to True.
  warnings.warn(

[2025-05-03 17:06:37,781: INFO/MainProcess] Connected to redis://redis:6379/1
[2025-05-03 17:06:37,781: WARNING/MainProcess] /home/mediacms.io/lib/python3.13/site-packages/celery/worker/consumer/consumer.py:508: CPendingDeprecationWarning: The broker_connection_retry configuration setting will no longer determine
whether broker connection retries are made during startup in Celery 6.0 and above.
If you wish to retain the existing behavior for retrying connections on startup,
you should set broker_connection_retry_on_startup to True.
  warnings.warn(

[2025-05-03 17:06:37,783: INFO/MainProcess] mingle: searching for neighbors
[2025-05-03 17:06:38,797: INFO/MainProcess] mingle: all alone
[2025-05-03 17:06:38,817: INFO/MainProcess] long1@9f63ad6f4351 ready.
[2025-05-03 17:13:44,867: WARNING/MainProcess] /home/mediacms.io/lib/python3.13/site-packages/celery/worker/consumer/consumer.py:508: CPendingDeprecationWarning: The broker_connection_retry configuration setting will no longer determine
whether broker connection retries are made during startup in Celery 6.0 and above.
If you wish to retain the existing behavior for retrying connections on startup,
you should set broker_connection_retry_on_startup to True.
  warnings.warn(

[2025-05-03 17:13:44,877: INFO/MainProcess] Connected to redis://redis:6379/1
[2025-05-03 17:13:44,878: WARNING/MainProcess] /home/mediacms.io/lib/python3.13/site-packages/celery/worker/consumer/consumer.py:508: CPendingDeprecationWarning: The broker_connection_retry configuration setting will no longer determine
whether broker connection retries are made during startup in Celery 6.0 and above.
If you wish to retain the existing behavior for retrying connections on startup,
you should set broker_connection_retry_on_startup to True.
  warnings.warn(

[2025-05-03 17:13:44,881: INFO/MainProcess] mingle: searching for neighbors
[2025-05-03 17:13:45,890: INFO/MainProcess] mingle: all alone
[2025-05-03 17:13:45,903: INFO/MainProcess] long1@0516f97a7186 ready.
[2025-05-03 17:21:17,386: WARNING/MainProcess] /home/mediacms.io/lib/python3.13/site-packages/celery/worker/consumer/consumer.py:508: CPendingDeprecationWarning: The broker_connection_retry configuration setting will no longer determine
whether broker connection retries are made during startup in Celery 6.0 and above.
If you wish to retain the existing behavior for retrying connections on startup,
you should set broker_connection_retry_on_startup to True.
  warnings.warn(

[2025-05-03 17:21:17,399: INFO/MainProcess] Connected to redis://redis:6379/1
[2025-05-03 17:21:17,400: WARNING/MainProcess] /home/mediacms.io/lib/python3.13/site-packages/celery/worker/consumer/consumer.py:508: CPendingDeprecationWarning: The broker_connection_retry configuration setting will no longer determine
whether broker connection retries are made during startup in Celery 6.0 and above.
If you wish to retain the existing behavior for retrying connections on startup,
you should set broker_connection_retry_on_startup to True.
  warnings.warn(

[2025-05-03 17:21:17,404: INFO/MainProcess] mingle: searching for neighbors
[2025-05-03 17:21:18,416: INFO/MainProcess] mingle: all alone
[2025-05-03 17:21:18,436: INFO/MainProcess] long1@09899a3533db ready.
[2025-05-03 17:28:25,867: WARNING/MainProcess] /home/mediacms.io/lib/python3.13/site-packages/celery/worker/consumer/consumer.py:508: CPendingDeprecationWarning: The broker_connection_retry configuration setting will no longer determine
whether broker connection retries are made during startup in Celery 6.0 and above.
If you wish to retain the existing behavior for retrying connections on startup,
you should set broker_connection_retry_on_startup to True.
  warnings.warn(

[2025-05-03 17:28:25,879: INFO/MainProcess] Connected to redis://redis:6379/1
[2025-05-03 17:28:25,880: WARNING/MainProcess] /home/mediacms.io/lib/python3.13/site-packages/celery/worker/consumer/consumer.py:508: CPendingDeprecationWarning: The broker_connection_retry configuration setting will no longer determine
whether broker connection retries are made during startup in Celery 6.0 and above.
If you wish to retain the existing behavior for retrying connections on startup,
you should set broker_connection_retry_on_startup to True.
  warnings.warn(

[2025-05-03 17:28:25,881: INFO/MainProcess] mingle: searching for neighbors
[2025-05-03 17:28:26,895: INFO/MainProcess] mingle: all alone
[2025-05-03 17:28:26,917: INFO/MainProcess] long1@160a2272ab73 ready.
[2025-05-03 17:41:13,493: WARNING/MainProcess] /home/mediacms.io/lib/python3.13/site-packages/celery/worker/consumer/consumer.py:508: CPendingDeprecationWarning: The broker_connection_retry configuration setting will no longer determine
whether broker connection retries are made during startup in Celery 6.0 and above.
If you wish to retain the existing behavior for retrying connections on startup,
you should set broker_connection_retry_on_startup to True.
  warnings.warn(

[2025-05-03 17:41:13,506: INFO/MainProcess] Connected to redis://redis:6379/1
[2025-05-03 17:41:13,506: WARNING/MainProcess] /home/mediacms.io/lib/python3.13/site-packages/celery/worker/consumer/consumer.py:508: CPendingDeprecationWarning: The broker_connection_retry configuration setting will no longer determine
whether broker connection retries are made during startup in Celery 6.0 and above.
If you wish to retain the existing behavior for retrying connections on startup,
you should set broker_connection_retry_on_startup to True.
  warnings.warn(

[2025-05-03 17:41:13,510: INFO/MainProcess] mingle: searching for neighbors
[2025-05-03 17:41:14,521: INFO/MainProcess] mingle: all alone
[2025-05-03 17:41:14,541: INFO/MainProcess] long1@e5daeb951864 ready.
[2025-05-03 17:49:56,456: WARNING/MainProcess] /home/mediacms.io/lib/python3.13/site-packages/celery/worker/consumer/consumer.py:508: CPendingDeprecationWarning: The broker_connection_retry configuration setting will no longer determine
whether broker connection retries are made during startup in Celery 6.0 and above.
If you wish to retain the existing behavior for retrying connections on startup,
you should set broker_connection_retry_on_startup to True.
  warnings.warn(

[2025-05-03 17:49:56,471: INFO/MainProcess] Connected to redis://redis:6379/1
[2025-05-03 17:49:56,472: WARNING/MainProcess] /home/mediacms.io/lib/python3.13/site-packages/celery/worker/consumer/consumer.py:508: CPendingDeprecationWarning: The broker_connection_retry configuration setting will no longer determine
whether broker connection retries are made during startup in Celery 6.0 and above.
If you wish to retain the existing behavior for retrying connections on startup,
you should set broker_connection_retry_on_startup to True.
  warnings.warn(

[2025-05-03 17:49:56,475: INFO/MainProcess] mingle: searching for neighbors
[2025-05-03 17:49:57,488: INFO/MainProcess] mingle: all alone
[2025-05-03 17:49:57,512: INFO/MainProcess] long1@b03970e47443 ready.
[2025-05-03 17:54:07,829: WARNING/MainProcess] /home/mediacms.io/lib/python3.13/site-packages/celery/worker/consumer/consumer.py:508: CPendingDeprecationWarning: The broker_connection_retry configuration setting will no longer determine
whether broker connection retries are made during startup in Celery 6.0 and above.
If you wish to retain the existing behavior for retrying connections on startup,
you should set broker_connection_retry_on_startup to True.
  warnings.warn(

[2025-05-03 17:54:07,841: INFO/MainProcess] Connected to redis://redis:6379/1
[2025-05-03 17:54:07,842: WARNING/MainProcess] /home/mediacms.io/lib/python3.13/site-packages/celery/worker/consumer/consumer.py:508: CPendingDeprecationWarning: The broker_connection_retry configuration setting will no longer determine
whether broker connection retries are made during startup in Celery 6.0 and above.
If you wish to retain the existing behavior for retrying connections on startup,
you should set broker_connection_retry_on_startup to True.
  warnings.warn(

[2025-05-03 17:54:07,843: INFO/MainProcess] mingle: searching for neighbors
[2025-05-03 17:54:08,859: INFO/MainProcess] mingle: all alone
[2025-05-03 17:54:08,880: INFO/MainProcess] long1@356359bfccc3 ready.
[2025-05-03 18:00:35,060: WARNING/MainProcess] /home/mediacms.io/lib/python3.13/site-packages/celery/worker/consumer/consumer.py:508: CPendingDeprecationWarning: The broker_connection_retry configuration setting will no longer determine
whether broker connection retries are made during startup in Celery 6.0 and above.
If you wish to retain the existing behavior for retrying connections on startup,
you should set broker_connection_retry_on_startup to True.
  warnings.warn(

[2025-05-03 18:00:35,073: INFO/MainProcess] Connected to redis://redis:6379/1
[2025-05-03 18:00:35,074: WARNING/MainProcess] /home/mediacms.io/lib/python3.13/site-packages/celery/worker/consumer/consumer.py:508: CPendingDeprecationWarning: The broker_connection_retry configuration setting will no longer determine
whether broker connection retries are made during startup in Celery 6.0 and above.
If you wish to retain the existing behavior for retrying connections on startup,
you should set broker_connection_retry_on_startup to True.
  warnings.warn(

[2025-05-03 18:00:35,076: INFO/MainProcess] mingle: searching for neighbors
[2025-05-03 18:00:36,086: INFO/MainProcess] mingle: all alone
[2025-05-03 18:00:36,101: INFO/MainProcess] long1@cac39521097f ready.
[2025-05-03 18:30:44,900: WARNING/MainProcess] /home/mediacms.io/lib/python3.13/site-packages/celery/worker/consumer/consumer.py:508: CPendingDeprecationWarning: The broker_connection_retry configuration setting will no longer determine
whether broker connection retries are made during startup in Celery 6.0 and above.
If you wish to retain the existing behavior for retrying connections on startup,
you should set broker_connection_retry_on_startup to True.
  warnings.warn(

[2025-05-03 18:30:44,912: INFO/MainProcess] Connected to redis://redis:6379/1
[2025-05-03 18:30:44,913: WARNING/MainProcess] /home/mediacms.io/lib/python3.13/site-packages/celery/worker/consumer/consumer.py:508: CPendingDeprecationWarning: The broker_connection_retry configuration setting will no longer determine
whether broker connection retries are made during startup in Celery 6.0 and above.
If you wish to retain the existing behavior for retrying connections on startup,
you should set broker_connection_retry_on_startup to True.
  warnings.warn(

[2025-05-03 18:30:44,915: INFO/MainProcess] mingle: searching for neighbors
[2025-05-03 18:30:45,922: INFO/MainProcess] mingle: all alone
[2025-05-03 18:30:45,933: INFO/MainProcess] long1@086ef771ea9f ready.
[2025-05-03 18:39:45,267: WARNING/MainProcess] /home/mediacms.io/lib/python3.13/site-packages/celery/worker/consumer/consumer.py:508: CPendingDeprecationWarning: The broker_connection_retry configuration setting will no longer determine
whether broker connection retries are made during startup in Celery 6.0 and above.
If you wish to retain the existing behavior for retrying connections on startup,
you should set broker_connection_retry_on_startup to True.
  warnings.warn(

[2025-05-03 18:39:45,279: INFO/MainProcess] Connected to redis://redis:6379/1
[2025-05-03 18:39:45,280: WARNING/MainProcess] /home/mediacms.io/lib/python3.13/site-packages/celery/worker/consumer/consumer.py:508: CPendingDeprecationWarning: The broker_connection_retry configuration setting will no longer determine
whether broker connection retries are made during startup in Celery 6.0 and above.
If you wish to retain the existing behavior for retrying connections on startup,
you should set broker_connection_retry_on_startup to True.
  warnings.warn(

[2025-05-03 18:39:45,281: INFO/MainProcess] mingle: searching for neighbors
[2025-05-03 18:39:46,291: INFO/MainProcess] mingle: all alone
[2025-05-03 18:39:46,312: INFO/MainProcess] long1@92bef8e80105 ready.
[2025-05-03 23:37:37,679: INFO/MainProcess] Task get_list_of_popular_media[0725e9fe-3fef-428c-bc51-2b7cf4d1807a] received
[2025-05-03 23:37:37,722: WARNING/ForkPoolWorker-6] /home/mediacms.io/lib/python3.13/site-packages/django/db/models/fields/__init__.py:1665: RuntimeWarning: DateTimeField MediaAction.action_date received a naive datetime (2025-04-26 23:37:37.684833) while time zone support is active.
  warnings.warn(

[2025-05-03 23:37:37,728: WARNING/ForkPoolWorker-6] /home/mediacms.io/lib/python3.13/site-packages/django/db/models/fields/__init__.py:1665: RuntimeWarning: DateTimeField MediaAction.action_date received a naive datetime (2024-11-04 23:37:37.685020) while time zone support is active.
  warnings.warn(

[2025-05-03 23:37:37,731: INFO/ForkPoolWorker-6] get_list_of_popular_media[0725e9fe-3fef-428c-bc51-2b7cf4d1807a]: saved popular media ids
[2025-05-03 23:37:37,733: INFO/ForkPoolWorker-6] Task get_list_of_popular_media[0725e9fe-3fef-428c-bc51-2b7cf4d1807a] succeeded in 0.05040529199868615s: True
[2025-05-04 02:22:13,956: INFO/MainProcess] Task get_list_of_popular_media[7c8c3985-11a9-4231-a50f-3f6589ae3309] received
[2025-05-04 02:22:13,958: INFO/MainProcess] Task update_listings_thumbnails[268784ae-5c46-4608-b562-d2a6000fb05e] received
[2025-05-04 02:22:13,980: WARNING/ForkPoolWorker-6] /home/mediacms.io/lib/python3.13/site-packages/django/db/models/fields/__init__.py:1665: RuntimeWarning: DateTimeField MediaAction.action_date received a naive datetime (2025-04-27 02:22:13.960387) while time zone support is active.
  warnings.warn(

[2025-05-04 02:22:13,984: WARNING/ForkPoolWorker-6] /home/mediacms.io/lib/python3.13/site-packages/django/db/models/fields/__init__.py:1665: RuntimeWarning: DateTimeField MediaAction.action_date received a naive datetime (2024-11-05 02:22:13.960422) while time zone support is active.
  warnings.warn(

[2025-05-04 02:22:13,985: INFO/ForkPoolWorker-6] get_list_of_popular_media[7c8c3985-11a9-4231-a50f-3f6589ae3309]: saved popular media ids
[2025-05-04 02:22:13,986: INFO/ForkPoolWorker-6] Task get_list_of_popular_media[7c8c3985-11a9-4231-a50f-3f6589ae3309] succeeded in 0.02692416700119793s: True
[2025-05-04 02:22:14,022: INFO/ForkPoolWorker-12] update_listings_thumbnails[268784ae-5c46-4608-b562-d2a6000fb05e]: updated 0 categories
[2025-05-04 02:22:14,025: INFO/ForkPoolWorker-12] update_listings_thumbnails[268784ae-5c46-4608-b562-d2a6000fb05e]: updated 0 tags
[2025-05-04 02:22:14,028: INFO/ForkPoolWorker-12] Task update_listings_thumbnails[268784ae-5c46-4608-b562-d2a6000fb05e] succeeded in 0.06465841600038402s: True
[2025-05-04 02:27:55,681: WARNING/MainProcess] /home/mediacms.io/lib/python3.13/site-packages/celery/worker/consumer/consumer.py:508: CPendingDeprecationWarning: The broker_connection_retry configuration setting will no longer determine
whether broker connection retries are made during startup in Celery 6.0 and above.
If you wish to retain the existing behavior for retrying connections on startup,
you should set broker_connection_retry_on_startup to True.
  warnings.warn(

[2025-05-04 02:27:55,691: INFO/MainProcess] Connected to redis://redis:6379/1
[2025-05-04 02:27:55,692: WARNING/MainProcess] /home/mediacms.io/lib/python3.13/site-packages/celery/worker/consumer/consumer.py:508: CPendingDeprecationWarning: The broker_connection_retry configuration setting will no longer determine
whether broker connection retries are made during startup in Celery 6.0 and above.
If you wish to retain the existing behavior for retrying connections on startup,
you should set broker_connection_retry_on_startup to True.
  warnings.warn(

[2025-05-04 02:27:55,695: INFO/MainProcess] mingle: searching for neighbors
[2025-05-04 02:27:56,703: INFO/MainProcess] mingle: all alone
[2025-05-04 02:27:56,715: INFO/MainProcess] long1@7403b013f297 ready.
[2025-05-04 02:37:57,967: WARNING/MainProcess] /home/mediacms.io/lib/python3.13/site-packages/celery/worker/consumer/consumer.py:508: CPendingDeprecationWarning: The broker_connection_retry configuration setting will no longer determine
whether broker connection retries are made during startup in Celery 6.0 and above.
If you wish to retain the existing behavior for retrying connections on startup,
you should set broker_connection_retry_on_startup to True.
  warnings.warn(

[2025-05-04 02:37:57,983: INFO/MainProcess] Connected to redis://redis:6379/1
[2025-05-04 02:37:57,988: WARNING/MainProcess] /home/mediacms.io/lib/python3.13/site-packages/celery/worker/consumer/consumer.py:508: CPendingDeprecationWarning: The broker_connection_retry configuration setting will no longer determine
whether broker connection retries are made during startup in Celery 6.0 and above.
If you wish to retain the existing behavior for retrying connections on startup,
you should set broker_connection_retry_on_startup to True.
  warnings.warn(

[2025-05-04 02:37:57,992: INFO/MainProcess] mingle: searching for neighbors
[2025-05-04 02:37:59,013: INFO/MainProcess] mingle: all alone
[2025-05-04 02:37:59,027: INFO/MainProcess] long1@e8510b056d9a ready.
[2025-05-04 02:48:36,693: WARNING/MainProcess] /home/mediacms.io/lib/python3.13/site-packages/celery/worker/consumer/consumer.py:508: CPendingDeprecationWarning: The broker_connection_retry configuration setting will no longer determine
whether broker connection retries are made during startup in Celery 6.0 and above.
If you wish to retain the existing behavior for retrying connections on startup,
you should set broker_connection_retry_on_startup to True.
  warnings.warn(

[2025-05-04 02:48:36,704: INFO/MainProcess] Connected to redis://redis:6379/1
[2025-05-04 02:48:36,705: WARNING/MainProcess] /home/mediacms.io/lib/python3.13/site-packages/celery/worker/consumer/consumer.py:508: CPendingDeprecationWarning: The broker_connection_retry configuration setting will no longer determine
whether broker connection retries are made during startup in Celery 6.0 and above.
If you wish to retain the existing behavior for retrying connections on startup,
you should set broker_connection_retry_on_startup to True.
  warnings.warn(

[2025-05-04 02:48:36,708: INFO/MainProcess] mingle: searching for neighbors
[2025-05-04 02:48:37,718: INFO/MainProcess] mingle: all alone
[2025-05-04 02:48:37,732: INFO/MainProcess] long1@6577d8d84443 ready.
[2025-05-04 03:47:32,991: WARNING/MainProcess] /home/mediacms.io/lib/python3.13/site-packages/celery/worker/consumer/consumer.py:508: CPendingDeprecationWarning: The broker_connection_retry configuration setting will no longer determine
whether broker connection retries are made during startup in Celery 6.0 and above.
If you wish to retain the existing behavior for retrying connections on startup,
you should set broker_connection_retry_on_startup to True.
  warnings.warn(

[2025-05-04 03:47:33,002: INFO/MainProcess] Connected to redis://redis:6379/1
[2025-05-04 03:47:33,003: WARNING/MainProcess] /home/mediacms.io/lib/python3.13/site-packages/celery/worker/consumer/consumer.py:508: CPendingDeprecationWarning: The broker_connection_retry configuration setting will no longer determine
whether broker connection retries are made during startup in Celery 6.0 and above.
If you wish to retain the existing behavior for retrying connections on startup,
you should set broker_connection_retry_on_startup to True.
  warnings.warn(

[2025-05-04 03:47:33,007: INFO/MainProcess] mingle: searching for neighbors
[2025-05-04 03:47:34,016: INFO/MainProcess] mingle: all alone
[2025-05-04 03:47:34,026: INFO/MainProcess] long1@c97f6426f645 ready.
[2025-05-04 04:57:26,695: WARNING/MainProcess] /home/mediacms.io/lib/python3.13/site-packages/celery/worker/consumer/consumer.py:508: CPendingDeprecationWarning: The broker_connection_retry configuration setting will no longer determine
whether broker connection retries are made during startup in Celery 6.0 and above.
If you wish to retain the existing behavior for retrying connections on startup,
you should set broker_connection_retry_on_startup to True.
  warnings.warn(

[2025-05-04 04:57:26,705: INFO/MainProcess] Connected to redis://redis:6379/1
[2025-05-04 04:57:26,706: WARNING/MainProcess] /home/mediacms.io/lib/python3.13/site-packages/celery/worker/consumer/consumer.py:508: CPendingDeprecationWarning: The broker_connection_retry configuration setting will no longer determine
whether broker connection retries are made during startup in Celery 6.0 and above.
If you wish to retain the existing behavior for retrying connections on startup,
you should set broker_connection_retry_on_startup to True.
  warnings.warn(

[2025-05-04 04:57:26,710: INFO/MainProcess] mingle: searching for neighbors
[2025-05-04 04:57:27,724: INFO/MainProcess] mingle: all alone
[2025-05-04 04:57:27,744: INFO/MainProcess] long1@8d901d9ca192 ready.
[2025-05-04 05:22:09,426: WARNING/MainProcess] /home/mediacms.io/lib/python3.13/site-packages/celery/worker/consumer/consumer.py:508: CPendingDeprecationWarning: The broker_connection_retry configuration setting will no longer determine
whether broker connection retries are made during startup in Celery 6.0 and above.
If you wish to retain the existing behavior for retrying connections on startup,
you should set broker_connection_retry_on_startup to True.
  warnings.warn(

[2025-05-04 05:22:09,438: INFO/MainProcess] Connected to redis://redis:6379/1
[2025-05-04 05:22:09,439: WARNING/MainProcess] /home/mediacms.io/lib/python3.13/site-packages/celery/worker/consumer/consumer.py:508: CPendingDeprecationWarning: The broker_connection_retry configuration setting will no longer determine
whether broker connection retries are made during startup in Celery 6.0 and above.
If you wish to retain the existing behavior for retrying connections on startup,
you should set broker_connection_retry_on_startup to True.
  warnings.warn(

[2025-05-04 05:22:09,440: INFO/MainProcess] mingle: searching for neighbors
[2025-05-04 05:22:10,451: INFO/MainProcess] mingle: all alone
[2025-05-04 05:22:10,474: INFO/MainProcess] long1@ea48acee3ac8 ready.
[2025-05-04 05:24:57,102: WARNING/MainProcess] /home/mediacms.io/lib/python3.13/site-packages/celery/worker/consumer/consumer.py:508: CPendingDeprecationWarning: The broker_connection_retry configuration setting will no longer determine
whether broker connection retries are made during startup in Celery 6.0 and above.
If you wish to retain the existing behavior for retrying connections on startup,
you should set broker_connection_retry_on_startup to True.
  warnings.warn(

[2025-05-04 05:24:57,120: INFO/MainProcess] Connected to redis://redis:6379/1
[2025-05-04 05:24:57,122: WARNING/MainProcess] /home/mediacms.io/lib/python3.13/site-packages/celery/worker/consumer/consumer.py:508: CPendingDeprecationWarning: The broker_connection_retry configuration setting will no longer determine
whether broker connection retries are made during startup in Celery 6.0 and above.
If you wish to retain the existing behavior for retrying connections on startup,
you should set broker_connection_retry_on_startup to True.
  warnings.warn(

[2025-05-04 05:24:57,125: INFO/MainProcess] mingle: searching for neighbors
[2025-05-04 05:24:58,138: INFO/MainProcess] mingle: all alone
[2025-05-04 05:24:58,158: INFO/MainProcess] long1@7f90a4d4d8f0 ready.
[2025-05-04 05:30:24,378: WARNING/MainProcess] /home/mediacms.io/lib/python3.13/site-packages/celery/worker/consumer/consumer.py:508: CPendingDeprecationWarning: The broker_connection_retry configuration setting will no longer determine
whether broker connection retries are made during startup in Celery 6.0 and above.
If you wish to retain the existing behavior for retrying connections on startup,
you should set broker_connection_retry_on_startup to True.
  warnings.warn(

[2025-05-04 05:30:24,390: INFO/MainProcess] Connected to redis://redis:6379/1
[2025-05-04 05:30:24,391: WARNING/MainProcess] /home/mediacms.io/lib/python3.13/site-packages/celery/worker/consumer/consumer.py:508: CPendingDeprecationWarning: The broker_connection_retry configuration setting will no longer determine
whether broker connection retries are made during startup in Celery 6.0 and above.
If you wish to retain the existing behavior for retrying connections on startup,
you should set broker_connection_retry_on_startup to True.
  warnings.warn(

[2025-05-04 05:30:24,395: INFO/MainProcess] mingle: searching for neighbors
[2025-05-04 05:30:25,403: INFO/MainProcess] mingle: all alone
[2025-05-04 05:30:25,412: INFO/MainProcess] long1@99999b03c0f1 ready.
[2025-05-04 05:34:27,225: WARNING/MainProcess] /home/mediacms.io/lib/python3.13/site-packages/celery/worker/consumer/consumer.py:508: CPendingDeprecationWarning: The broker_connection_retry configuration setting will no longer determine
whether broker connection retries are made during startup in Celery 6.0 and above.
If you wish to retain the existing behavior for retrying connections on startup,
you should set broker_connection_retry_on_startup to True.
  warnings.warn(

[2025-05-04 05:34:27,236: INFO/MainProcess] Connected to redis://redis:6379/1
[2025-05-04 05:34:27,237: WARNING/MainProcess] /home/mediacms.io/lib/python3.13/site-packages/celery/worker/consumer/consumer.py:508: CPendingDeprecationWarning: The broker_connection_retry configuration setting will no longer determine
whether broker connection retries are made during startup in Celery 6.0 and above.
If you wish to retain the existing behavior for retrying connections on startup,
you should set broker_connection_retry_on_startup to True.
  warnings.warn(

[2025-05-04 05:34:27,238: INFO/MainProcess] mingle: searching for neighbors
[2025-05-04 05:34:28,248: INFO/MainProcess] mingle: all alone
[2025-05-04 05:34:28,265: INFO/MainProcess] long1@cd7afaebbb0b ready.
[2025-05-04 10:01:00,027: INFO/MainProcess] Task get_list_of_popular_media[693d46de-ef3d-4b33-aa2a-45f15fc32017] received
[2025-05-04 10:01:00,070: WARNING/ForkPoolWorker-6] /home/mediacms.io/lib/python3.13/site-packages/django/db/models/fields/__init__.py:1665: RuntimeWarning: DateTimeField MediaAction.action_date received a naive datetime (2025-04-27 10:01:00.032615) while time zone support is active.
  warnings.warn(

[2025-05-04 10:01:00,075: WARNING/ForkPoolWorker-6] /home/mediacms.io/lib/python3.13/site-packages/django/db/models/fields/__init__.py:1665: RuntimeWarning: DateTimeField MediaAction.action_date received a naive datetime (2024-11-05 10:01:00.032799) while time zone support is active.
  warnings.warn(

[2025-05-04 10:01:00,078: INFO/ForkPoolWorker-6] get_list_of_popular_media[693d46de-ef3d-4b33-aa2a-45f15fc32017]: saved popular media ids
[2025-05-04 10:01:00,080: INFO/ForkPoolWorker-6] Task get_list_of_popular_media[693d46de-ef3d-4b33-aa2a-45f15fc32017] succeeded in 0.048995958000887185s: True
[2025-05-04 16:10:38,638: WARNING/MainProcess] /home/mediacms.io/lib/python3.13/site-packages/celery/worker/consumer/consumer.py:508: CPendingDeprecationWarning: The broker_connection_retry configuration setting will no longer determine
whether broker connection retries are made during startup in Celery 6.0 and above.
If you wish to retain the existing behavior for retrying connections on startup,
you should set broker_connection_retry_on_startup to True.
  warnings.warn(

[2025-05-04 16:10:38,737: INFO/MainProcess] Connected to redis://redis:6379/1
[2025-05-04 16:10:38,741: WARNING/MainProcess] /home/mediacms.io/lib/python3.13/site-packages/celery/worker/consumer/consumer.py:508: CPendingDeprecationWarning: The broker_connection_retry configuration setting will no longer determine
whether broker connection retries are made during startup in Celery 6.0 and above.
If you wish to retain the existing behavior for retrying connections on startup,
you should set broker_connection_retry_on_startup to True.
  warnings.warn(

[2025-05-04 16:10:38,752: INFO/MainProcess] mingle: searching for neighbors
[2025-05-04 16:10:39,763: INFO/MainProcess] mingle: all alone
[2025-05-04 16:10:39,780: INFO/MainProcess] long1@372098fc2f64 ready.
[2025-05-04 16:16:56,464: WARNING/MainProcess] /home/mediacms.io/lib/python3.13/site-packages/celery/worker/consumer/consumer.py:508: CPendingDeprecationWarning: The broker_connection_retry configuration setting will no longer determine
whether broker connection retries are made during startup in Celery 6.0 and above.
If you wish to retain the existing behavior for retrying connections on startup,
you should set broker_connection_retry_on_startup to True.
  warnings.warn(

[2025-05-04 16:16:56,477: INFO/MainProcess] Connected to redis://redis:6379/1
[2025-05-04 16:16:56,478: WARNING/MainProcess] /home/mediacms.io/lib/python3.13/site-packages/celery/worker/consumer/consumer.py:508: CPendingDeprecationWarning: The broker_connection_retry configuration setting will no longer determine
whether broker connection retries are made during startup in Celery 6.0 and above.
If you wish to retain the existing behavior for retrying connections on startup,
you should set broker_connection_retry_on_startup to True.
  warnings.warn(

[2025-05-04 16:16:56,479: INFO/MainProcess] mingle: searching for neighbors
[2025-05-04 16:16:57,490: INFO/MainProcess] mingle: all alone
[2025-05-04 16:16:57,520: INFO/MainProcess] long1@9bcc8f119c40 ready.
[2025-05-04 22:32:06,762: INFO/MainProcess] Task get_list_of_popular_media[afd2e723-827b-44b2-9292-9e172c2fcfe3] received
[2025-05-04 22:32:06,819: WARNING/ForkPoolWorker-6] /home/mediacms.io/lib/python3.13/site-packages/django/db/models/fields/__init__.py:1665: RuntimeWarning: DateTimeField MediaAction.action_date received a naive datetime (2025-04-27 22:32:06.775369) while time zone support is active.
  warnings.warn(

[2025-05-04 22:32:06,824: WARNING/ForkPoolWorker-6] /home/mediacms.io/lib/python3.13/site-packages/django/db/models/fields/__init__.py:1665: RuntimeWarning: DateTimeField MediaAction.action_date received a naive datetime (2024-11-05 22:32:06.775605) while time zone support is active.
  warnings.warn(

[2025-05-04 22:32:06,828: INFO/ForkPoolWorker-6] get_list_of_popular_media[afd2e723-827b-44b2-9292-9e172c2fcfe3]: saved popular media ids
[2025-05-04 22:32:06,831: INFO/ForkPoolWorker-6] Task get_list_of_popular_media[afd2e723-827b-44b2-9292-9e172c2fcfe3] succeeded in 0.05735524999909103s: True
[2025-05-05 03:07:53,117: INFO/MainProcess] Task get_list_of_popular_media[3d856a79-c0bf-4b9e-9a8a-bf46d8e87dd1] received
[2025-05-05 03:07:53,119: INFO/MainProcess] Task update_listings_thumbnails[269b47ce-e979-4a21-9154-1018224f057d] received
[2025-05-05 03:07:53,141: WARNING/ForkPoolWorker-6] /home/mediacms.io/lib/python3.13/site-packages/django/db/models/fields/__init__.py:1665: RuntimeWarning: DateTimeField MediaAction.action_date received a naive datetime (2025-04-28 03:07:53.121365) while time zone support is active.
  warnings.warn(

[2025-05-05 03:07:53,144: WARNING/ForkPoolWorker-6] /home/mediacms.io/lib/python3.13/site-packages/django/db/models/fields/__init__.py:1665: RuntimeWarning: DateTimeField MediaAction.action_date received a naive datetime (2024-11-06 03:07:53.121394) while time zone support is active.
  warnings.warn(

[2025-05-05 03:07:53,146: INFO/ForkPoolWorker-6] get_list_of_popular_media[3d856a79-c0bf-4b9e-9a8a-bf46d8e87dd1]: saved popular media ids
[2025-05-05 03:07:53,147: INFO/ForkPoolWorker-6] Task get_list_of_popular_media[3d856a79-c0bf-4b9e-9a8a-bf46d8e87dd1] succeeded in 0.026479833002667874s: True
[2025-05-05 03:07:53,179: INFO/ForkPoolWorker-7] update_listings_thumbnails[269b47ce-e979-4a21-9154-1018224f057d]: updated 0 categories
[2025-05-05 03:07:53,181: INFO/ForkPoolWorker-7] update_listings_thumbnails[269b47ce-e979-4a21-9154-1018224f057d]: updated 0 tags
[2025-05-05 03:07:53,184: INFO/ForkPoolWorker-7] Task update_listings_thumbnails[269b47ce-e979-4a21-9154-1018224f057d] succeeded in 0.060234666998439934s: True
[2025-05-05 10:02:52,778: INFO/MainProcess] Task get_list_of_popular_media[15c91139-230b-4dee-8912-f010731745f7] received
[2025-05-05 10:02:52,800: WARNING/ForkPoolWorker-6] /home/mediacms.io/lib/python3.13/site-packages/django/db/models/fields/__init__.py:1665: RuntimeWarning: DateTimeField MediaAction.action_date received a naive datetime (2025-04-28 10:02:52.781206) while time zone support is active.
  warnings.warn(

[2025-05-05 10:02:52,803: WARNING/ForkPoolWorker-6] /home/mediacms.io/lib/python3.13/site-packages/django/db/models/fields/__init__.py:1665: RuntimeWarning: DateTimeField MediaAction.action_date received a naive datetime (2024-11-06 10:02:52.781230) while time zone support is active.
  warnings.warn(

[2025-05-05 10:02:52,805: INFO/ForkPoolWorker-6] get_list_of_popular_media[15c91139-230b-4dee-8912-f010731745f7]: saved popular media ids
[2025-05-05 10:02:52,805: INFO/ForkPoolWorker-6] Task get_list_of_popular_media[15c91139-230b-4dee-8912-f010731745f7] succeeded in 0.024925874997279607s: True
[2025-05-05 21:04:08,036: INFO/MainProcess] Task get_list_of_popular_media[c7f0b036-5227-45fc-92fc-09494e027156] received
[2025-05-05 21:04:08,060: WARNING/ForkPoolWorker-6] /home/mediacms.io/lib/python3.13/site-packages/django/db/models/fields/__init__.py:1665: RuntimeWarning: DateTimeField MediaAction.action_date received a naive datetime (2025-04-28 21:04:08.039618) while time zone support is active.
  warnings.warn(

[2025-05-05 21:04:08,064: WARNING/ForkPoolWorker-6] /home/mediacms.io/lib/python3.13/site-packages/django/db/models/fields/__init__.py:1665: RuntimeWarning: DateTimeField MediaAction.action_date received a naive datetime (2024-11-06 21:04:08.039655) while time zone support is active.
  warnings.warn(

[2025-05-05 21:04:08,065: INFO/ForkPoolWorker-6] get_list_of_popular_media[c7f0b036-5227-45fc-92fc-09494e027156]: saved popular media ids
[2025-05-05 21:04:08,066: INFO/ForkPoolWorker-6] Task get_list_of_popular_media[c7f0b036-5227-45fc-92fc-09494e027156] succeeded in 0.027677167003275827s: True
[2025-05-06 02:21:25,553: INFO/MainProcess] Task get_list_of_popular_media[7c1ec334-d81c-4300-bfd3-2161197d0e47] received
[2025-05-06 02:21:25,555: INFO/MainProcess] Task update_listings_thumbnails[05af032e-1600-4f02-a06c-31ca38d28ea7] received
[2025-05-06 02:21:25,577: WARNING/ForkPoolWorker-6] /home/mediacms.io/lib/python3.13/site-packages/django/db/models/fields/__init__.py:1665: RuntimeWarning: DateTimeField MediaAction.action_date received a naive datetime (2025-04-29 02:21:25.556967) while time zone support is active.
  warnings.warn(

[2025-05-06 02:21:25,581: WARNING/ForkPoolWorker-6] /home/mediacms.io/lib/python3.13/site-packages/django/db/models/fields/__init__.py:1665: RuntimeWarning: DateTimeField MediaAction.action_date received a naive datetime (2024-11-07 02:21:25.557005) while time zone support is active.
  warnings.warn(

[2025-05-06 02:21:25,582: INFO/ForkPoolWorker-6] get_list_of_popular_media[7c1ec334-d81c-4300-bfd3-2161197d0e47]: saved popular media ids
[2025-05-06 02:21:25,583: INFO/ForkPoolWorker-6] Task get_list_of_popular_media[7c1ec334-d81c-4300-bfd3-2161197d0e47] succeeded in 0.02745304099516943s: True
[2025-05-06 02:21:25,589: INFO/ForkPoolWorker-7] update_listings_thumbnails[05af032e-1600-4f02-a06c-31ca38d28ea7]: updated 0 categories
[2025-05-06 02:21:25,591: INFO/ForkPoolWorker-7] update_listings_thumbnails[05af032e-1600-4f02-a06c-31ca38d28ea7]: updated 0 tags
[2025-05-06 02:21:25,592: INFO/ForkPoolWorker-7] Task update_listings_thumbnails[05af032e-1600-4f02-a06c-31ca38d28ea7] succeeded in 0.03624537499854341s: True
[2025-05-06 09:06:48,773: WARNING/MainProcess] /home/mediacms.io/lib/python3.13/site-packages/celery/worker/consumer/consumer.py:508: CPendingDeprecationWarning: The broker_connection_retry configuration setting will no longer determine
whether broker connection retries are made during startup in Celery 6.0 and above.
If you wish to retain the existing behavior for retrying connections on startup,
you should set broker_connection_retry_on_startup to True.
  warnings.warn(

[2025-05-06 09:06:48,785: INFO/MainProcess] Connected to redis://redis:6379/1
[2025-05-06 09:06:48,785: WARNING/MainProcess] /home/mediacms.io/lib/python3.13/site-packages/celery/worker/consumer/consumer.py:508: CPendingDeprecationWarning: The broker_connection_retry configuration setting will no longer determine
whether broker connection retries are made during startup in Celery 6.0 and above.
If you wish to retain the existing behavior for retrying connections on startup,
you should set broker_connection_retry_on_startup to True.
  warnings.warn(

[2025-05-06 09:06:48,789: INFO/MainProcess] mingle: searching for neighbors
[2025-05-06 09:06:49,798: INFO/MainProcess] mingle: all alone
[2025-05-06 09:06:49,813: INFO/MainProcess] long1@efae30e90e0e ready.
[2025-05-06 10:01:00,014: INFO/MainProcess] Task get_list_of_popular_media[eb894dfb-8994-4289-b8a3-7bf2be76d866] received
[2025-05-06 10:01:00,048: WARNING/ForkPoolWorker-6] /home/mediacms.io/lib/python3.13/site-packages/django/db/models/fields/__init__.py:1665: RuntimeWarning: DateTimeField MediaAction.action_date received a naive datetime (2025-04-29 10:01:00.018391) while time zone support is active.
  warnings.warn(

[2025-05-06 10:01:00,053: WARNING/ForkPoolWorker-6] /home/mediacms.io/lib/python3.13/site-packages/django/db/models/fields/__init__.py:1665: RuntimeWarning: DateTimeField MediaAction.action_date received a naive datetime (2024-11-07 10:01:00.018520) while time zone support is active.
  warnings.warn(

[2025-05-06 10:01:00,056: INFO/ForkPoolWorker-6] get_list_of_popular_media[eb894dfb-8994-4289-b8a3-7bf2be76d866]: saved popular media ids
[2025-05-06 10:01:00,058: INFO/ForkPoolWorker-6] Task get_list_of_popular_media[eb894dfb-8994-4289-b8a3-7bf2be76d866] succeeded in 0.04134991700993851s: True
